AutoDock Vina v1.2.7
#################################################################
# If you used AutoDock Vina in your work, please cite:          #
#                                                               #
# J. Eberhardt, D. Santos-Martins, A. F. Tillack, and S. Forli  #
# AutoDock Vina 1.2.0: New Docking Methods, Expanded Force      #
# Field, and Python Bindings, J. Chem. Inf. Model. (2021)       #
# DOI 10.1021/acs.jcim.1c00203                                  #
#                                                               #
# O. Trott, A. J. Olson,                                        #
# AutoDock Vina: improving the speed and accuracy of docking    #
# with a new scoring function, efficient optimization and       #
# multithreading, J. Comp. Chem. (2010)                         #
# DOI 10.1002/jcc.21334                                         #
#                                                               #
# Please see https://github.com/ccsb-scripps/AutoDock-Vina for  #
# more information.                                             #
#################################################################

Scoring function : vina
Rigid receptor: data/processed/pdbqt_receptors/P4HA1_9HRE.pdbqt
Ligand: data/processed/pdbqt_ligands/ascorbic_acid_CID54670067_3d.pdbqt
Grid center: X 5.528 Y -4.9575 Z 22.955
Grid size  : X 60 Y 60 Z 60
Grid space : 0.375
Exhaustiveness: 8
CPU: 0
Verbosity: 1

Computing Vina grid ... done.
Performing docking (random seed: 718833201) ... 
0%   10   20   30   40   50   60   70   80   90   100%
|----|----|----|----|----|----|----|----|----|----|
***************************************************

mode |   affinity | dist from best mode
     | (kcal/mol) | rmsd l.b.| rmsd u.b.
-----+------------+----------+----------
   1       -5.027          0          0
   2       -4.977      23.26      24.12
   3       -4.689      1.608      3.688
   4       -4.659      25.23       26.1
   5        -4.54      24.33      25.02
   6       -4.532      1.529      3.693
   7       -4.479      22.56      23.41
   8       -4.473      1.397      2.849
   9       -4.404       16.1      17.63
WARNING: Search space volume is greater than 27000 Angstrom^3 (See FAQ)
