AutoDock Vina v1.2.7
#################################################################
# If you used AutoDock Vina in your work, please cite:          #
#                                                               #
# J. Eberhardt, D. Santos-Martins, A. F. Tillack, and S. Forli  #
# AutoDock Vina 1.2.0: New Docking Methods, Expanded Force      #
# Field, and Python Bindings, J. Chem. Inf. Model. (2021)       #
# DOI 10.1021/acs.jcim.1c00203                                  #
#                                                               #
# O. Trott, A. J. Olson,                                        #
# AutoDock Vina: improving the speed and accuracy of docking    #
# with a new scoring function, efficient optimization and       #
# multithreading, J. Comp. Chem. (2010)                         #
# DOI 10.1002/jcc.21334                                         #
#                                                               #
# Please see https://github.com/ccsb-scripps/AutoDock-Vina for  #
# more information.                                             #
#################################################################

Scoring function : vina
Rigid receptor: data/processed/pdbqt_receptors/ICAM1_1IAM.pdbqt
Ligand: data/processed/pdbqt_ligands/asiaticoside_CID11954171_2d.pdbqt
Grid center: X 38.759 Y 77.2575 Z 3.549
Grid size  : X 60 Y 59.067 Z 58.552
Grid space : 0.375
Exhaustiveness: 8
CPU: 0
Verbosity: 1

Computing Vina grid ... done.
Performing docking (random seed: 847760801) ... 
0%   10   20   30   40   50   60   70   80   90   100%
|----|----|----|----|----|----|----|----|----|----|
***************************************************

mode |   affinity | dist from best mode
     | (kcal/mol) | rmsd l.b.| rmsd u.b.
-----+------------+----------+----------
   1       -6.704          0          0
   2       -6.584      21.58      26.75
   3       -6.583      21.51      27.33
   4       -6.461      6.355      15.99
   5        -6.43         19      23.85
   6       -6.388      4.451      9.909
   7       -6.356      6.311       14.5
   8       -6.317      19.73      24.07
   9       -6.298      16.56      21.35
WARNING: Search space volume is greater than 27000 Angstrom^3 (See FAQ)
