AutoDock Vina v1.2.7
#################################################################
# If you used AutoDock Vina in your work, please cite:          #
#                                                               #
# J. Eberhardt, D. Santos-Martins, A. F. Tillack, and S. Forli  #
# AutoDock Vina 1.2.0: New Docking Methods, Expanded Force      #
# Field, and Python Bindings, J. Chem. Inf. Model. (2021)       #
# DOI 10.1021/acs.jcim.1c00203                                  #
#                                                               #
# O. Trott, A. J. Olson,                                        #
# AutoDock Vina: improving the speed and accuracy of docking    #
# with a new scoring function, efficient optimization and       #
# multithreading, J. Comp. Chem. (2010)                         #
# DOI 10.1002/jcc.21334                                         #
#                                                               #
# Please see https://github.com/ccsb-scripps/AutoDock-Vina for  #
# more information.                                             #
#################################################################

Scoring function : vina
Rigid receptor: data/processed/pdbqt_receptors/CASP3_2J32.pdbqt
Ligand: data/processed/pdbqt_ligands/asiaticoside_CID11954171_2d.pdbqt
Grid center: X 29.988 Y 20.9425 Z 54.0885
Grid size  : X 60 Y 60 Z 60
Grid space : 0.375
Exhaustiveness: 8
CPU: 0
Verbosity: 1

Computing Vina grid ... done.
Performing docking (random seed: -1975742165) ... 
0%   10   20   30   40   50   60   70   80   90   100%
|----|----|----|----|----|----|----|----|----|----|
***************************************************

mode |   affinity | dist from best mode
     | (kcal/mol) | rmsd l.b.| rmsd u.b.
-----+------------+----------+----------
   1       -7.915          0          0
   2       -7.903      16.04      20.95
   3       -7.842       26.4      32.96
   4       -7.812      17.46      21.93
   5       -7.753      4.769      9.703
   6       -7.646       3.51      13.08
   7       -7.606      17.06      21.57
   8       -7.508      11.74      19.08
   9       -7.504      14.26      20.13
WARNING: Search space volume is greater than 27000 Angstrom^3 (See FAQ)
