AutoDock Vina v1.2.7
#################################################################
# If you used AutoDock Vina in your work, please cite:          #
#                                                               #
# J. Eberhardt, D. Santos-Martins, A. F. Tillack, and S. Forli  #
# AutoDock Vina 1.2.0: New Docking Methods, Expanded Force      #
# Field, and Python Bindings, J. Chem. Inf. Model. (2021)       #
# DOI 10.1021/acs.jcim.1c00203                                  #
#                                                               #
# O. Trott, A. J. Olson,                                        #
# AutoDock Vina: improving the speed and accuracy of docking    #
# with a new scoring function, efficient optimization and       #
# multithreading, J. Comp. Chem. (2010)                         #
# DOI 10.1002/jcc.21334                                         #
#                                                               #
# Please see https://github.com/ccsb-scripps/AutoDock-Vina for  #
# more information.                                             #
#################################################################

Scoring function : vina
Rigid receptor: data/processed/pdbqt_receptors/PTGS2_5F19.pdbqt
Ligand: data/processed/pdbqt_ligands/salicylic_acid_CID338_3d.pdbqt
Grid center: X 21.687 Y 38.3365 Z 40.893
Grid size  : X 60 Y 60 Z 60
Grid space : 0.375
Exhaustiveness: 8
CPU: 0
Verbosity: 1

Computing Vina grid ... done.
Performing docking (random seed: 1907737032) ... 
0%   10   20   30   40   50   60   70   80   90   100%
|----|----|----|----|----|----|----|----|----|----|
***************************************************

mode |   affinity | dist from best mode
     | (kcal/mol) | rmsd l.b.| rmsd u.b.
-----+------------+----------+----------
   1       -5.807          0          0
   2       -5.401      32.82      33.81
   3       -5.322      32.96      34.13
   4       -5.112     0.9176      2.155
   5       -5.095       43.5      44.34
   6       -5.032      43.42      44.36
   7       -4.923      24.27      24.91
   8       -4.886      2.282       3.19
   9       -4.883      29.01      29.39
WARNING: Search space volume is greater than 27000 Angstrom^3 (See FAQ)
